2026-09-26T09:22:29+0200 R5 SWITCH: r4-pacer 2475830 SIGTERM, HALT storm (supervisor 2475829) for fee change 6x->150x + faucet refill; round4 report pushed 09:22 (856ae76)
2026-09-26T09:22:38+0200 R5-PACER start: n0 pid 2341090, pool 47143 TKAS, conf {"TARGET": 1500, "SOFT_HI": 18.0, "SOFT_LO": 16.0, "END": 1790429520.0, "CAP": 25000, "DISK_FLOOR": 12.5, "BYTES_PER_TX": 600, "FEE_TKAS_PER_TX": 0.00643, "MP_BRAKE": 80000, "DISK_GUARD": 12.0, "DISK_RESUME": 15.0}
2026-09-26T09:26:04+0200 R5 limits tightened: external P2P bursts 12-35k tx/10s seen from 09:23 (not ours) -> taper 30k-50k, gate 60k/?; limits2 '30000 50000 60000 25000', limits LOW/HIGH/PANIC 30000/50000/65000
2026-09-26T09:26:09+0200 R5 limits2 final '30000 50000 60000 40000' (taper 30-50k, gate on 60k / off 40k); pacer brake 80k unchanged
2026-09-26T09:33:30+0200 R5 RUNNERS launched 09:34: r5-ttt A pid 2902043 (60 concurrent games) + r5-vprog A pid 2902044 (60 programs), FEERATE 20000 sompi/g (storm 15000), rate files /tmp/r5-ttt.rate=40 /tmp/r5-vprog.rate=40 moves/s; T0 tests: ttt 62 games/576 tx all accepted p50 2.2s p95 3.3s; vprog 833 programs 10,435 steps p50 2.1s p95 5.4s, illegal 2114/2114 refused
2026-09-26T09:37:00+0200 R5 RUNNERS v2 (chain recycling: each lane funds one chain from faucet once (12 TKAS) and plays game after game / program after program on it; faucet only when chain low). ttt-A/vprog-A (v1, 1 fund tx per game) stopped by pid 09:37 after: ttt 1,224 games/9,876 moves, vprog 307 programs/3,074 steps, illegal 2,782/2,782 refused. v2: r5-ttt B pid 2915230 (150 lanes) + r5-vprog B pid 2915231 (150 lanes), FEERATE 20000, rate 80+80 moves/s
2026-09-26T09:38:40+0200 R5-PACER mempool 83508 > 80000 -> RATE_MAX=0 (>=60 s, resume when < 40k)
2026-09-26T09:43:00+0200 R5 fixes: feeder switched to live POST /addresses/utxos (GET was CDN-cached/stale -> runners got spent seeds 'orphan'); reserve split now int(txid[8:16])%2==1 (50%, ttt %4==1, vprog %4==3) independent of storm worker split. Runners D: r5-ttt D pid 2940371 (200 lanes, 20 TKAS/chain), r5-vprog D pid 2940370 (200 lanes), FEERATE 20000, own mempool pause 79k/resume 70k, rate 80+80/s. feeder pid 2936588
2026-09-26T09:46:20+0200 R5-PACER mempool 39167 < 40k -> resume
2026-09-26T09:51:23+0200 R5 RESTART-2 (09:51): 150x storm (09:22-09:50) was counterproductive: P UTXOs ~0.25 TKAS -> KIP-9 storage mass ~69k/tx, blocks 87% storage-mass full, net ~300-440 TPS, storm offered ~0 while mempool (external flood 12.6k sig-1out @0.249 TKAS + 25k 2-out + ours) held 49-86k; H lane crash-looped (negative change, fixed). Now storm FEE_MULT_P=10 (supervisor 2974707, workers 2974743-2974751) + ttt E pid 2974849 (250 lanes) + vprog E pid 2974850 (250 lanes) FEERATE 20000 sompi/g (chain state persisted mode-600 /home/box/secure/r5-chains-<tag>.json). ttt-D final: 7,101 games/54,725 moves, vprog-D 5,637 programs/49,033 steps, 111k txs, 0 rejects, lat p50 0.57 s p95 1.34 s, illegal 21,900/21,900 refused, fees 40.3k TKAS in ~7 min.
2026-09-26T09:53:34+0200 R5 limits: taper 40-60k, gate 68k/50k, hard 72k (pacer brake 80k, runner pause 79k) - external backlog keeps mempool ~45k so the 30-50k taper held the storm at ~300/s
2026-09-26T09:54:13+0200 R5 runner rates -> 150+150 moves/s
2026-09-26T09:56:41+0200 R5 runners restarted same tag E (resumed persisted chains): ttt pid 2999886, vprog pid 2999887, feerate 60000 sompi/g (live file /tmp/r5-feerate), 40 TKAS/chain, rate 150+150. Reason: faucet was still GROWING (+~1.6k TKAS/min net at 20000 sompi/g + storm 10x).
2026-09-26T09:57:56+0200 R5 runners restarted (09:58, tag E, 24 TKAS/chain up to 16 faucet inputs; 40 TKAS/12 inputs starved: faucet coinbase UTXOs median 1.08 TKAS): ttt pid 3004407, vprog pid 3004408
2026-09-26T10:01:47+0200 R5 10:01: all faucet UTXOs -> runners (storm burns its own 28k pool); funding feerate 5000 (move feerate 60000); ttt pid 3019858, vprog pid 3019859, feeder 3016536
2026-09-26T10:04:56+0200 R5 10:05 runners restarted: ttt pid 3031769, vprog pid 3031770 (failed funding releases seeds; accept >= half target)
2026-09-26T10:07:19+0200 R5 runner rates -> 250+250 moves/s; feeder pid 3039731 faucet-only empty rule (<3k TKAS balance and mature, 15 min)
2026-09-26T10:10:31+0200 R5 limits: taper 50-65k, gate 70k/58k, hard 74k (external storage-mass flood keeps ~57k in mempool; storm at 10x feerate outranks it). Guards unchanged: pacer 80k/40k, runners 79k/70k.
2026-09-26T10:12:01+0200 R5 feeder pid 3059287: empty rule = mature (spendable) faucet <3k TKAS for 15 min (balance alone never reaches 0: miners keep paying the faucet)
2026-09-26T10:13:16+0200 R5 SNAPSHOT: ttt 250 games 250 moves/s p50 0.68 p95 1.73 s; vprog 250 programs 219 steps/s p50 1.36 p95 2.84 s; illegal 34,274 tried / 0 executed; runner burn ~29.6k TKAS/min; storm 10x ~280 tx/s; net ~860 tx/s; mature faucet 42k; disk 20G; mp ~62k
